Janis was added
They are player number 1
Peter was added
They are player number 2
Janis is the current player
They have rolled a 2
Janis's new location is 2
The category is Sports
Sports Question 0
Question was incorrectly answered
Janis was sent to the penalty box
Peter is the current player
They have rolled a 2
Peter's new location is 2
The category is Sports
Sports Question 1
Answer was corrent!!!!
Peter now has 1 Gold Coins.
Janis is the current player
They have rolled a 1
Janis is getting out of the penalty box
Janis's new location is 3
The category is Rock
Rock Question 0
Answer was corrent!!!!
Janis now has 1 Gold Coins.
Peter is the current player
They have rolled a 2
Peter's new location is 4
The category is Pop
Pop Question 0
Answer was corrent!!!!
Peter now has 2 Gold Coins.
Janis is the current player
They have rolled a 2
Janis's new location is 5
The category is Science
Science Question 0
Answer was corrent!!!!
Janis now has 2 Gold Coins.
