Janis was added
They are player number 1
Peter was added
They are player number 2
Janis is the current player
They have rolled a 1
Janis's new location is 1
The category is Science
Science Question 0
Question was incorrectly answered
Janis was sent to the penalty box
Peter is the current player
They have rolled a 1
Peter's new location is 1
The category is Science
Science Question 1
Answer was corrent!!!!
Peter now has 1 Gold Coins.
Janis is the current player
They have rolled a 2
Janis is not getting out of the penalty box
